[htmldesigntemplates.com/html/nepayatri/bootstrap4/index-5.html]
[backblue.gif]
[fade.gif]
[index.html]
[htmldesigntemplates.com/html/nepayatri/bootstrap4/images/favicon.png]
[htmldesigntemplates.com/html/nepayatri/bootstrap4/css/bootstrap.min.css]
[htmldesigntemplates.com/html/nepayatri/bootstrap4/css/default.css]
[htmldesigntemplates.com/html/nepayatri/bootstrap4/css/style.css]
[htmldesigntemplates.com/html/nepayatri/bootstrap4/css/plugin.css]
[htmldesigntemplates.com/html/nepayatri/bootstrap4/fonts/flaticon.css]
[cdnjs.cloudflare.com/ajax/libs/font-awesome/4.7.0/css/font-awesome.min.css]
[cdnjs.cloudflare.com/ajax/libs/font-awesome/5.11.2/css/all.min.css]
[htmldesigntemplates.com/html/nepayatri/bootstrap4/images/logo-white.png]
[htmldesigntemplates.com/html/nepayatri/bootstrap4/index.html]
[htmldesigntemplates.com/html/nepayatri/bootstrap4/images/logo-black.png]
[htmldesigntemplates.com/html/nepayatri/bootstrap4/index-1.html]
[htmldesigntemplates.com/html/nepayatri/bootstrap4/index-2.html]
[htmldesigntemplates.com/html/nepayatri/bootstrap4/index-3.html]
[htmldesigntemplates.com/html/nepayatri/bootstrap4/index-4.html]
[htmldesigntemplates.com/html/nepayatri/bootstrap4/home-search.html]
[htmldesigntemplates.com/html/nepayatri/bootstrap4/home-search1.html]
[htmldesigntemplates.com/html/nepayatri/bootstrap4/home-search2.html]
[htmldesigntemplates.com/html/nepayatri/bootstrap4/index-flights.html]
[htmldesigntemplates.com/html/nepayatri/bootstrap4/flightlist.html]
[htmldesigntemplates.com/html/nepayatri/bootstrap4/flightlist-1.html]
[htmldesigntemplates.com/html/nepayatri/bootstrap4/flight-single.html]
[htmldesigntemplates.com/html/nepayatri/bootstrap4/flight-booking.html]
[htmldesigntemplates.com/html/nepayatri/bootstrap4/flight-confirm.html]
[htmldesigntemplates.com/html/nepayatri/bootstrap4/index-hotel.html]
[htmldesigntemplates.com/html/nepayatri/bootstrap4/hotellist-1.html]
[htmldesigntemplates.com/html/nepayatri/bootstrap4/hotellist-2.html]
[htmldesigntemplates.com/html/nepayatri/bootstrap4/hotelsingle-1.html]
[htmldesigntemplates.com/html/nepayatri/bootstrap4/hotelsingle-2.html]
[htmldesigntemplates.com/html/nepayatri/bootstrap4/hotel-booking.html]
[htmldesigntemplates.com/html/nepayatri/bootstrap4/index-cars.html]
[htmldesigntemplates.com/html/nepayatri/bootstrap4/car-grid-view.html]
[htmldesigntemplates.com/html/nepayatri/bootstrap4/car-list-view.html]
[htmldesigntemplates.com/html/nepayatri/bootstrap4/car-detail.html]
[htmldesigntemplates.com/html/nepayatri/bootstrap4/car-booking.html]
[htmldesigntemplates.com/html/nepayatri/bootstrap4/index-cruise.html]
[htmldesigntemplates.com/html/nepayatri/bootstrap4/cruise-grid-view.html]
[htmldesigntemplates.com/html/nepayatri/bootstrap4/cruise-list-view.html]
[htmldesigntemplates.com/html/nepayatri/bootstrap4/cruise-detail.html]
[htmldesigntemplates.com/html/nepayatri/bootstrap4/cruise-booking.html]
[htmldesigntemplates.com/html/nepayatri/bootstrap4/tourlist-1.html]
[htmldesigntemplates.com/html/nepayatri/bootstrap4/tourlist-2.html]
[htmldesigntemplates.com/html/nepayatri/bootstrap4/tourlist-3.html]
[htmldesigntemplates.com/html/nepayatri/bootstrap4/toursinge-1.html]
[htmldesigntemplates.com/html/nepayatri/bootstrap4/service.html]
[htmldesigntemplates.com/html/nepayatri/bootstrap4/service-detail.html]
[htmldesigntemplates.com/html/nepayatri/bootstrap4/about.html]
[htmldesigntemplates.com/html/nepayatri/bootstrap4/about1.html]
[htmldesigntemplates.com/html/nepayatri/bootstrap4/events.html]
[htmldesigntemplates.com/html/nepayatri/bootstrap4/events1.html]
[htmldesigntemplates.com/html/nepayatri/bootstrap4/events-detail.html]
[htmldesigntemplates.com/html/nepayatri/bootstrap4/gallery.html]
[htmldesigntemplates.com/html/nepayatri/bootstrap4/gallery1.html]
[htmldesigntemplates.com/html/nepayatri/bootstrap4/gallery2.html]
[htmldesigntemplates.com/html/nepayatri/bootstrap4/gallery3.html]
[htmldesigntemplates.com/html/nepayatri/bootstrap4/contact.html]
[htmldesigntemplates.com/html/nepayatri/bootstrap4/contact1.html]
[htmldesigntemplates.com/html/nepayatri/bootstrap4/404.html]
[htmldesigntemplates.com/html/nepayatri/bootstrap4/404-1.html]
[htmldesigntemplates.com/html/nepayatri/bootstrap4/comingsoon.html]
[htmldesigntemplates.com/html/nepayatri/bootstrap4/comingsoon-1.html]
[htmldesigntemplates.com/html/nepayatri/bootstrap4/confirmation.html]
[htmldesigntemplates.com/html/nepayatri/bootstrap4/testimonial.html]
[htmldesigntemplates.com/html/nepayatri/bootstrap4/pricing.html]
[htmldesigntemplates.com/html/nepayatri/bootstrap4/terms.html]
[htmldesigntemplates.com/html/nepayatri/bootstrap4/faq.html]
[htmldesigntemplates.com/html/nepayatri/bootstrap4/blog-home.html]
[htmldesigntemplates.com/html/nepayatri/bootstrap4/blog-list.html]
[htmldesigntemplates.com/html/nepayatri/bootstrap4/blog-grid.html]
[htmldesigntemplates.com/html/nepayatri/bootstrap4/blog-full.html]
[htmldesigntemplates.com/html/nepayatri/bootstrap4/blog-left.html]
[htmldesigntemplates.com/html/nepayatri/bootstrap4/blog-masonry.html]
[htmldesigntemplates.com/html/nepayatri/bootstrap4/blog-single.html]
[htmldesigntemplates.com/html/nepayatri/bootstrap4/single-full.html]
[htmldesigntemplates.com/html/nepayatri/bootstrap4/single-left.html]
[htmldesigntemplates.com/html/nepayatri/bootstrap4/dashboard.html]
[htmldesigntemplates.com/html/nepayatri/bootstrap4/dashboard-my-profile.html]
[htmldesigntemplates.com/html/nepayatri/bootstrap4/dashboard-list.html]
[htmldesigntemplates.com/html/nepayatri/bootstrap4/dashboard-messages.html]
[htmldesigntemplates.com/html/nepayatri/bootstrap4/dashboard-history.html]
[htmldesigntemplates.com/html/nepayatri/bootstrap4/dashboard-add-new.html]
[htmldesigntemplates.com/html/nepayatri/bootstrap4/dashboard-hotel-list.html]
[htmldesigntemplates.com/html/nepayatri/bootstrap4/dashboard-reviews.html]
[htmldesigntemplates.com/html/nepayatri/bootstrap4/shop.html]
[htmldesigntemplates.com/html/nepayatri/bootstrap4/shop-list.html]
[htmldesigntemplates.com/html/nepayatri/bootstrap4/shop-detail.html]
[htmldesigntemplates.com/html/nepayatri/bootstrap4/cart.html]
[htmldesigntemplates.com/html/nepayatri/bootstrap4/checkout.html]
[htmldesigntemplates.com/html/nepayatri/bootstrap4/login.html]
[htmldesigntemplates.com/html/nepayatri/bootstrap4/forgot-password.html]
[htmldesigntemplates.com/html/nepayatri/bootstrap4/images/slider/slider4.jpg]
[htmldesigntemplates.com/html/nepayatri/bootstrap4/images/slider/slider5.jpg]
[htmldesigntemplates.com/html/nepayatri/bootstrap4/images/slider/slider6.jpg]
[htmldesigntemplates.com/html/nepayatri/bootstrap4/images/destination10.jpg]
[htmldesigntemplates.com/html/nepayatri/bootstrap4/images/destination9.jpg]
[htmldesigntemplates.com/html/nepayatri/bootstrap4/images/destination8.jpg]
[htmldesigntemplates.com/html/nepayatri/bootstrap4/images/destination4.jpg]
[htmldesigntemplates.com/html/nepayatri/bootstrap4/images/destination6.jpg]
[htmldesigntemplates.com/html/nepayatri/bootstrap4/images/destination5.jpg]
[htmldesigntemplates.com/html/nepayatri/bootstrap4/images/trending1.jpg]
[htmldesigntemplates.com/html/nepayatri/bootstrap4/images/trending2.jpg]
[htmldesigntemplates.com/html/nepayatri/bootstrap4/images/trending3.jpg]
[htmldesigntemplates.com/html/nepayatri/bootstrap4/images/trending4.jpg]
[htmldesigntemplates.com/html/nepayatri/bootstrap4/images/trending5.jpg]
[htmldesigntemplates.com/html/nepayatri/bootstrap4/images/trending6.jpg]
[htmldesigntemplates.com/html/nepayatri/bootstrap4/images/hometype1.jpg]
[htmldesigntemplates.com/html/nepayatri/bootstrap4/images/trending7.jpg]
[htmldesigntemplates.com/html/nepayatri/bootstrap4/images/trending8.jpg]
[htmldesigntemplates.com/html/nepayatri/bootstrap4/images/trending9.jpg]
[htmldesigntemplates.com/html/nepayatri/bootstrap4/images/trending10.jpg]
[htmldesigntemplates.com/html/nepayatri/bootstrap4/images/inbox5.jpg]
[htmldesigntemplates.com/html/nepayatri/bootstrap4/images/inbox6.jpg]
[htmldesigntemplates.com/html/nepayatri/bootstrap4/images/inbox7.jpg]
[htmldesigntemplates.com/html/nepayatri/bootstrap4/images/inbox8.jpg]
[htmldesigntemplates.com/html/nepayatri/bootstrap4/images/inbox3.jpg]
[htmldesigntemplates.com/html/nepayatri/bootstrap4/images/inbox1.jpg]
[htmldesigntemplates.com/html/nepayatri/bootstrap4/images/inbox2.jpg]
[htmldesigntemplates.com/html/nepayatri/bootstrap4/images/inbox4.jpg]
[htmldesigntemplates.com/html/nepayatri/bootstrap4/images/cl-1.png]
[htmldesigntemplates.com/html/nepayatri/bootstrap4/images/cl-2.png]
[htmldesigntemplates.com/html/nepayatri/bootstrap4/images/cl-3.png]
[htmldesigntemplates.com/html/nepayatri/bootstrap4/images/cl-4.png]
[htmldesigntemplates.com/html/nepayatri/bootstrap4/images/cl-5.png]
[htmldesigntemplates.com/html/nepayatri/bootstrap4/images/payment/mastercard.png]
[htmldesigntemplates.com/html/nepayatri/bootstrap4/images/payment/paypal.png]
[htmldesigntemplates.com/html/nepayatri/bootstrap4/images/payment/skrill.png]
[htmldesigntemplates.com/html/nepayatri/bootstrap4/images/payment/visa.png]
[htmldesigntemplates.com/cdn-cgi/scripts/5c5dd728/cloudflare-static/email-decode.min.js]
[htmldesigntemplates.com/html/nepayatri/bootstrap4/js/jquery-3.3.1.min.js]
[htmldesigntemplates.com/html/nepayatri/bootstrap4/js/bootstrap.min.js]
[htmldesigntemplates.com/html/nepayatri/bootstrap4/js/color-switcher.js]
[htmldesigntemplates.com/html/nepayatri/bootstrap4/js/plugin.js]
[htmldesigntemplates.com/html/nepayatri/bootstrap4/js/main.js]
[htmldesigntemplates.com/html/nepayatri/bootstrap4/js/menu.js]
[htmldesigntemplates.com/html/nepayatri/bootstrap4/js/custom-swiper2.js]
[htmldesigntemplates.com/html/nepayatri/bootstrap4/js/custom-nav.js]
[htmldesigntemplates.com/html/nepayatri/bootstrap4/js/custom-date.js]
[htmldesigntemplates.com/html/nepayatri/bootstrap4/index-5.html]
[htmldesigntemplates.com/html/nepayatri/bootstrap4/css/bootstrap.min.css]
[htmldesigntemplates.com/cdn-cgi/challenge-platform/h/b/scripts/jsd/725bd36e298b/maind41d.js]
[htmldesigntemplates.com/html/nepayatri/bootstrap4/images/breadcrumbbg.jpg]
[htmldesigntemplates.com/html/nepayatri/bootstrap4/images/loader.gif]
[htmldesigntemplates.com/html/nepayatri/bootstrap4/css/default.css]
[htmldesigntemplates.com/html/nepayatri/bootstrap4/images/calltoaction2.jpg]
[htmldesigntemplates.com/html/nepayatri/bootstrap4/images/calltoaction.jpg]
[htmldesigntemplates.com/html/nepayatri/bootstrap4/images/calltoaction3.jpg]
[htmldesigntemplates.com/html/nepayatri/bootstrap4/images/calltoaction1.jpg]
[htmldesigntemplates.com/html/nepayatri/bootstrap4/images/flightbg1.jpg]
[htmldesigntemplates.com/html/nepayatri/bootstrap4/images/streetmap.jpg]
[htmldesigntemplates.com/html/nepayatri/bootstrap4/images/list1.jpg]
[htmldesigntemplates.com/html/nepayatri/bootstrap4/images/comingsoonbg.jpg]
[htmldesigntemplates.com/html/nepayatri/bootstrap4/images/calltoaction4.jpg]
[htmldesigntemplates.com/html/nepayatri/bootstrap4/css/style.css]
[htmldesigntemplates.com/html/nepayatri/bootstrap4/css/color/color-default.css]
[htmldesigntemplates.com/html/nepayatri/bootstrap4/images/loading.gif]
[htmldesigntemplates.com/html/nepayatri/bootstrap4/images/prev.png]
[htmldesigntemplates.com/html/nepayatri/bootstrap4/images/next.png]
[htmldesigntemplates.com/html/nepayatri/bootstrap4/images/close.png]
[htmldesigntemplates.com/html/nepayatri/bootstrap4/css/plugin.css]
[htmldesigntemplates.com/html/nepayatri/bootstrap4/fonts/Flaticon.eot]
[htmldesigntemplates.com/html/nepayatri/bootstrap4/fonts/Flaticond41d.eot]
[htmldesigntemplates.com/html/nepayatri/bootstrap4/fonts/Flaticon.woff2]
[htmldesigntemplates.com/html/nepayatri/bootstrap4/fonts/Flaticon.woff]
[htmldesigntemplates.com/html/nepayatri/bootstrap4/fonts/Flaticon.ttf]
[htmldesigntemplates.com/html/nepayatri/bootstrap4/fonts/flaticon.css]
[cdnjs.cloudflare.com/ajax/libs/font-awesome/4.7.0/css/font-awesome.min.css]
[cdnjs.cloudflare.com/ajax/libs/font-awesome/5.11.2/css/all.min.css]
[htmldesigntemplates.com/html/nepayatri/bootstrap4/fonts/Flaticon.svg]
[htmldesigntemplates.com/html/nepayatri/bootstrap4/hotellist-1.html.html]
[htmldesigntemplates.com/html/nepayatri/bootstrap4/images/slider/slider1.jpg]
[htmldesigntemplates.com/html/nepayatri/bootstrap4/images/slider/slider7.jpg]
[htmldesigntemplates.com/html/nepayatri/bootstrap4/images/slider/slider3.jpg]
[htmldesigntemplates.com/html/nepayatri/bootstrap4/images/destination3.jpg]
[htmldesigntemplates.com/html/nepayatri/bootstrap4/images/destination7.jpg]
[htmldesigntemplates.com/html/nepayatri/bootstrap4/index.html]
[htmldesigntemplates.com/html/nepayatri/bootstrap4/index-1.html]
[htmldesigntemplates.com/html/nepayatri/bootstrap4/hotelsingle-1.html.html]
[htmldesigntemplates.com/html/nepayatri/bootstrap4/images/tour.mp4]
[htmldesigntemplates.com/html/nepayatri/bootstrap4/index-2.html]
[htmldesigntemplates.com/html/nepayatri/bootstrap4/images/slider/slider8.jpg]
[htmldesigntemplates.com/html/nepayatri/bootstrap4/images/destination1.jpg]
[htmldesigntemplates.com/html/nepayatri/bootstrap4/images/destination2.jpg]
[htmldesigntemplates.com/html/nepayatri/bootstrap4/images/destination11.jpg]
[htmldesigntemplates.com/html/nepayatri/bootstrap4/images/testimonial1.jpg]
[htmldesigntemplates.com/html/nepayatri/bootstrap4/js/custom-swiper3.js]
[htmldesigntemplates.com/html/nepayatri/bootstrap4/index-3.html]
[htmldesigntemplates.com/html/nepayatri/bootstrap4/js/map.js]
[htmldesigntemplates.com/html/nepayatri/bootstrap4/images/list3.jpg]
[htmldesigntemplates.com/html/nepayatri/bootstrap4/index-4.html]
[htmldesigntemplates.com/html/nepayatri/bootstrap4/images/destination12.jpg]
[htmldesigntemplates.com/html/nepayatri/bootstrap4/home-search.html]
[htmldesigntemplates.com/html/nepayatri/bootstrap4/images/slider/slider2.jpg]
[htmldesigntemplates.com/html/nepayatri/bootstrap4/home-search1.html]
[htmldesigntemplates.com/html/nepayatri/bootstrap4/home-search2.html]
[htmldesigntemplates.com/html/nepayatri/bootstrap4/js/custom-swiper4.js]
[htmldesigntemplates.com/html/nepayatri/bootstrap4/images/slider/slider10.jpg]
[htmldesigntemplates.com/html/nepayatri/bootstrap4/images/slider/slider11.jpg]
[htmldesigntemplates.com/html/nepayatri/bootstrap4/images/slider/slider12.jpg]
[htmldesigntemplates.com/html/nepayatri/bootstrap4/images/flight1.png]
[htmldesigntemplates.com/html/nepayatri/bootstrap4/images/flight2.png]
[htmldesigntemplates.com/html/nepayatri/bootstrap4/images/flight3.png]
[htmldesigntemplates.com/html/nepayatri/bootstrap4/flight-detail.html]
[htmldesigntemplates.com/html/nepayatri/bootstrap4/images/flight_grid_5.png]
[htmldesigntemplates.com/html/nepayatri/bootstrap4/images/flight_grid_2.png]
[htmldesigntemplates.com/html/nepayatri/bootstrap4/images/flight_grid_3.png]
[htmldesigntemplates.com/html/nepayatri/bootstrap4/images/flight_grid_4.png]
[htmldesigntemplates.com/html/nepayatri/bootstrap4/index-flights.html]
[htmldesigntemplates.com/html/nepayatri/bootstrap4/js/custom-accordian.js]
[htmldesigntemplates.com/html/nepayatri/bootstrap4/images/flight5.jpg]
[htmldesigntemplates.com/html/nepayatri/bootstrap4/images/flight3.jpg]
[htmldesigntemplates.com/html/nepayatri/bootstrap4/images/flight1.jpg]
[htmldesigntemplates.com/html/nepayatri/bootstrap4/images/flight4.jpg]
[htmldesigntemplates.com/html/nepayatri/bootstrap4/flightlist.html]
[htmldesigntemplates.com/html/nepayatri/bootstrap4/flightlist-1.html]
[htmldesigntemplates.com/html/nepayatri/bootstrap4/images/flight2.jpg]
[htmldesigntemplates.com/html/nepayatri/bootstrap4/images/plane1.jpg]
[htmldesigntemplates.com/html/nepayatri/bootstrap4/images/plane2.jpg]
[htmldesigntemplates.com/html/nepayatri/bootstrap4/images/plane3.jpg]
[htmldesigntemplates.com/html/nepayatri/bootstrap4/flight-single.html]
[htmldesigntemplates.com/html/nepayatri/bootstrap4/flight-booking.html]
[htmldesigntemplates.com/html/nepayatri/bootstrap4/flight-confirm.html]
[htmldesigntemplates.com/html/nepayatri/bootstrap4/images/slider/slider17.jpg]
[htmldesigntemplates.com/html/nepayatri/bootstrap4/images/slider/slider18.jpg]
[htmldesigntemplates.com/html/nepayatri/bootstrap4/images/slider/slider19.jpg]
[htmldesigntemplates.com/html/nepayatri/bootstrap4/images/border-line.png]
[htmldesigntemplates.com/html/nepayatri/bootstrap4/images/room1.jpg]
[htmldesigntemplates.com/html/nepayatri/bootstrap4/images/room2.jpg]
[htmldesigntemplates.com/html/nepayatri/bootstrap4/images/room3.jpg]
[htmldesigntemplates.com/html/nepayatri/bootstrap4/images/blog1.jpg]
[htmldesigntemplates.com/html/nepayatri/bootstrap4/images/blog2.jpg]
[htmldesigntemplates.com/html/nepayatri/bootstrap4/images/blog3.jpg]
[htmldesigntemplates.com/html/nepayatri/bootstrap4/images/blog4.jpg]
[htmldesigntemplates.com/html/nepayatri/bootstrap4/images/blog5.jpg]
[htmldesigntemplates.com/html/nepayatri/bootstrap4/images/blog6.jpg]
[htmldesigntemplates.com/html/nepayatri/bootstrap4/index-hotel.html]
[htmldesigntemplates.com/html/nepayatri/bootstrap4/hotellist-1.html]
[htmldesigntemplates.com/html/nepayatri/bootstrap4/toursingle-1.html]
[htmldesigntemplates.com/html/nepayatri/bootstrap4/hotellist-2.html]
[htmldesigntemplates.com/html/nepayatri/bootstrap4/images/detail-slider/slider1.jpg]
[htmldesigntemplates.com/html/nepayatri/bootstrap4/images/detail-slider/slider2.jpg]
[htmldesigntemplates.com/html/nepayatri/bootstrap4/images/detail-slider/slider3.jpg]
[htmldesigntemplates.com/html/nepayatri/bootstrap4/images/detail-slider/slider4.jpg]
[htmldesigntemplates.com/html/nepayatri/bootstrap4/images/detail-slider/slider5.jpg]
[htmldesigntemplates.com/html/nepayatri/bootstrap4/images/detail-slider/slider6.jpg]
[htmldesigntemplates.com/html/nepayatri/bootstrap4/images/detail-slider/slider7.jpg]
[htmldesigntemplates.com/html/nepayatri/bootstrap4/images/detail-slider/slider8.jpg]
[htmldesigntemplates.com/html/nepayatri/bootstrap4/images/detail-slider/slider9.jpg]
[htmldesigntemplates.com/html/nepayatri/bootstrap4/hotelsingle-1.html]
[htmldesigntemplates.com/html/nepayatri/bootstrap4/hotelsingle-2.html]
[htmldesigntemplates.com/html/nepayatri/bootstrap4/hotel-booking.html]
[htmldesigntemplates.com/html/nepayatri/bootstrap4/images/slider/slider23.jpg]
[htmldesigntemplates.com/html/nepayatri/bootstrap4/images/slider/slider24.jpg]
[htmldesigntemplates.com/html/nepayatri/bootstrap4/images/slider/slider25.jpg]
[htmldesigntemplates.com/html/nepayatri/bootstrap4/images/cars/cars1.jpg]
[htmldesigntemplates.com/html/nepayatri/bootstrap4/images/cars/cars2.jpg]
[htmldesigntemplates.com/html/nepayatri/bootstrap4/images/cars/cars3.jpg]
[htmldesigntemplates.com/html/nepayatri/bootstrap4/images/cars/cars4.jpg]
[htmldesigntemplates.com/html/nepayatri/bootstrap4/images/cars/cars7.jpg]
[htmldesigntemplates.com/html/nepayatri/bootstrap4/images/cars/cars8.jpg]
[htmldesigntemplates.com/html/nepayatri/bootstrap4/index-cars.html]
[htmldesigntemplates.com/html/nepayatri/bootstrap4/images/cars/cars5.jpg]
[htmldesigntemplates.com/html/nepayatri/bootstrap4/images/cars/cars6.jpg]
[htmldesigntemplates.com/html/nepayatri/bootstrap4/car-grid-view.html]
[htmldesigntemplates.com/html/nepayatri/bootstrap4/car-list-view.html]
[htmldesigntemplates.com/html/nepayatri/bootstrap4/car-detail.html]
[htmldesigntemplates.com/html/nepayatri/bootstrap4/car-booking.html]
[htmldesigntemplates.com/html/nepayatri/bootstrap4/images/slider/slider20.jpg]
[htmldesigntemplates.com/html/nepayatri/bootstrap4/images/slider/slider21.jpg]
[htmldesigntemplates.com/html/nepayatri/bootstrap4/images/slider/slider22.jpg]
[htmldesigntemplates.com/html/nepayatri/bootstrap4/images/cruise/cruise4.jpg]
[htmldesigntemplates.com/html/nepayatri/bootstrap4/images/cruise/cruise5.jpg]
[htmldesigntemplates.com/html/nepayatri/bootstrap4/images/cruise/cruise6.jpg]
[htmldesigntemplates.com/html/nepayatri/bootstrap4/images/cruise/cruise7.jpg]
[htmldesigntemplates.com/html/nepayatri/bootstrap4/images/cruise/cruise8.jpg]
[htmldesigntemplates.com/html/nepayatri/bootstrap4/images/cruise/c-cruise3.jpg]
[htmldesigntemplates.com/html/nepayatri/bootstrap4/images/cruise/c-cruise2.jpg]
[htmldesigntemplates.com/html/nepayatri/bootstrap4/images/cruise/c-cruise1.jpg]
[htmldesigntemplates.com/html/nepayatri/bootstrap4/images/cruise/c-cruise4.jpg]
[htmldesigntemplates.com/html/nepayatri/bootstrap4/images/cruise/c-cruise5.jpg]
[htmldesigntemplates.com/html/nepayatri/bootstrap4/images/cruise/c-cruise6.jpg]
[htmldesigntemplates.com/html/nepayatri/bootstrap4/images/cruise/cruise1.jpg]
[htmldesigntemplates.com/html/nepayatri/bootstrap4/images/cruise/cruise2.jpg]
[htmldesigntemplates.com/html/nepayatri/bootstrap4/images/cruise/cruise3.jpg]
[htmldesigntemplates.com/html/nepayatri/bootstrap4/index-cruise.html]
[htmldesigntemplates.com/html/nepayatri/bootstrap4/roomlist-2.html]
[htmldesigntemplates.com/html/nepayatri/bootstrap4/car-cruise-view.html]
[htmldesigntemplates.com/html/nepayatri/bootstrap4/cruise-grid-view.html]
[htmldesigntemplates.com/html/nepayatri/bootstrap4/cruise-list-view.html]
[htmldesigntemplates.com/html/nepayatri/bootstrap4/cruise-detail.html]
[htmldesigntemplates.com/html/nepayatri/bootstrap4/cruise-booking.html]
[htmldesigntemplates.com/html/nepayatri/bootstrap4/tourlist-1.html]
[htmldesigntemplates.com/html/nepayatri/bootstrap4/tourlist-2.html]
[htmldesigntemplates.com/html/nepayatri/bootstrap4/tourlist-3.html]
[htmldesigntemplates.com/html/nepayatri/bootstrap4/toursinge-1.html]
[htmldesigntemplates.com/html/nepayatri/bootstrap4/service.html]
[htmldesigntemplates.com/html/nepayatri/bootstrap4/images/reservationbg.jpg]
[htmldesigntemplates.com/html/nepayatri/bootstrap4/service-detail.html]
[htmldesigntemplates.com/html/nepayatri/bootstrap4/about.html]
[htmldesigntemplates.com/html/nepayatri/bootstrap4/about1.html]
[htmldesigntemplates.com/html/nepayatri/bootstrap4/images/news1.jpg]
[htmldesigntemplates.com/html/nepayatri/bootstrap4/images/news2.jpg]
[htmldesigntemplates.com/html/nepayatri/bootstrap4/images/news3.jpg]
[htmldesigntemplates.com/html/nepayatri/bootstrap4/images/news4.jpg]
[htmldesigntemplates.com/html/nepayatri/bootstrap4/images/news5.jpg]
[htmldesigntemplates.com/html/nepayatri/bootstrap4/images/news6.jpg]
[htmldesigntemplates.com/html/nepayatri/bootstrap4/events.html]
[htmldesigntemplates.com/html/nepayatri/bootstrap4/events1.html]
[htmldesigntemplates.com/html/nepayatri/bootstrap4/events-detail.html]
[htmldesigntemplates.com/html/nepayatri/bootstrap4/images/gallery/gallery1.jpg]
[htmldesigntemplates.com/html/nepayatri/bootstrap4/images/gallery/gallery2.jpg]
[htmldesigntemplates.com/html/nepayatri/bootstrap4/images/gallery/gallery3.jpg]
[htmldesigntemplates.com/html/nepayatri/bootstrap4/images/gallery/gallery4.jpg]
[htmldesigntemplates.com/html/nepayatri/bootstrap4/images/gallery/gallery5.jpg]
[htmldesigntemplates.com/html/nepayatri/bootstrap4/images/gallery/gallery6.jpg]
[htmldesigntemplates.com/html/nepayatri/bootstrap4/images/gallery/gallery7.jpg]
[htmldesigntemplates.com/html/nepayatri/bootstrap4/images/gallery/gallery8.jpg]
[htmldesigntemplates.com/html/nepayatri/bootstrap4/images/gallery/gallery9.jpg]
[htmldesigntemplates.com/html/nepayatri/bootstrap4/js/custom-mixitup.js]
[htmldesigntemplates.com/html/nepayatri/bootstrap4/gallery.html]
[htmldesigntemplates.com/html/nepayatri/bootstrap4/gallery1.html]
[htmldesigntemplates.com/html/nepayatri/bootstrap4/images/gallery/gallery17.jpg]
[htmldesigntemplates.com/html/nepayatri/bootstrap4/images/gallery/gallery13.jpg]
[htmldesigntemplates.com/html/nepayatri/bootstrap4/images/gallery/gallery15.jpg]
[htmldesigntemplates.com/html/nepayatri/bootstrap4/images/gallery/gallery14.jpg]
[htmldesigntemplates.com/html/nepayatri/bootstrap4/gallery2.html]
[htmldesigntemplates.com/html/nepayatri/bootstrap4/images/gallery/gallery16.jpg]
[htmldesigntemplates.com/html/nepayatri/bootstrap4/gallery3.html]
[htmldesigntemplates.com/html/nepayatri/bootstrap4/contact.html]
[htmldesigntemplates.com/html/nepayatri/bootstrap4/contact1.html]
[htmldesigntemplates.com/html/nepayatri/bootstrap4/404.html]
[htmldesigntemplates.com/html/nepayatri/bootstrap4/404-1.html]
[htmldesigntemplates.com/html/nepayatri/bootstrap4/comingsoon.html]
[htmldesigntemplates.com/html/nepayatri/bootstrap4/comingsoon-1.html]
[htmldesigntemplates.com/html/nepayatri/bootstrap4/confirmation.html]
[htmldesigntemplates.com/html/nepayatri/bootstrap4/testimonial.html]
[htmldesigntemplates.com/html/nepayatri/bootstrap4/pricing.html]
[htmldesigntemplates.com/html/nepayatri/bootstrap4/terms.html]
[htmldesigntemplates.com/html/nepayatri/bootstrap4/faq.html]
[htmldesigntemplates.com/html/nepayatri/bootstrap4/js/custom-particular.js]
[htmldesigntemplates.com/html/nepayatri/bootstrap4/blog-home.html]
[htmldesigntemplates.com/html/nepayatri/bootstrap4/blog-list.html]
[htmldesigntemplates.com/html/nepayatri/bootstrap4/blog-grid.html]
[htmldesigntemplates.com/html/nepayatri/bootstrap4/blog-full.html]
[htmldesigntemplates.com/html/nepayatri/bootstrap4/blog-left.html]
[htmldesigntemplates.com/html/nepayatri/bootstrap4/blog-masonry.html]
[htmldesigntemplates.com/html/nepayatri/bootstrap4/blog-single.html]
[htmldesigntemplates.com/html/nepayatri/bootstrap4/single-full.html]
[htmldesigntemplates.com/html/nepayatri/bootstrap4/single-left.html]
[htmldesigntemplates.com/html/nepayatri/bootstrap4/js/custom-swiper1.js]
[htmldesigntemplates.com/html/nepayatri/bootstrap4/css/dashboard.css]
[htmldesigntemplates.com/html/nepayatri/bootstrap4/css/icons.css]
[htmldesigntemplates.com/html/nepayatri/bootstrap4/images/comment.jpg]
[cdn.canvasjs.com/canvasjs.min.js]
[htmldesigntemplates.com/html/nepayatri/bootstrap4/js/chart.js]
[htmldesigntemplates.com/html/nepayatri/bootstrap4/js/jpanelmenu.min.js]
[htmldesigntemplates.com/html/nepayatri/bootstrap4/dashboard.html]
[htmldesigntemplates.com/html/nepayatri/bootstrap4/js/dashboard-custom.js]
[htmldesigntemplates.com/html/nepayatri/bootstrap4/images/user-avatar.jpg]
[htmldesigntemplates.com/html/nepayatri/bootstrap4/dashboard-my-profile.html]
[htmldesigntemplates.com/html/nepayatri/bootstrap4/dashboard-list.html]
[htmldesigntemplates.com/html/nepayatri/bootstrap4/dashboard-messages.html]
[htmldesigntemplates.com/html/nepayatri/bootstrap4/dashboard-history.html]
[htmldesigntemplates.com/html/nepayatri/bootstrap4/dashboard-add-new.html]
[htmldesigntemplates.com/html/nepayatri/bootstrap4/dashboard-hotel-list.html]
[htmldesigntemplates.com/html/nepayatri/bootstrap4/dashboard-reviews.html]
[htmldesigntemplates.com/html/nepayatri/bootstrap4/images/slider/slider13.jpg]
[htmldesigntemplates.com/html/nepayatri/bootstrap4/images/slider/slider16.jpg]
[htmldesigntemplates.com/html/nepayatri/bootstrap4/images/slider/slider15.jpg]
[htmldesigntemplates.com/html/nepayatri/bootstrap4/images/banner2.jpg]
[htmldesigntemplates.com/html/nepayatri/bootstrap4/images/banner1.jpg]
[htmldesigntemplates.com/html/nepayatri/bootstrap4/images/shop/shop2.jpg]
[htmldesigntemplates.com/html/nepayatri/bootstrap4/images/shop/shop1.jpg]
[htmldesigntemplates.com/html/nepayatri/bootstrap4/images/shop/shop6.jpg]
[htmldesigntemplates.com/html/nepayatri/bootstrap4/images/shop/shop3.jpg]
[htmldesigntemplates.com/html/nepayatri/bootstrap4/images/car4.jpg]
[htmldesigntemplates.com/html/nepayatri/bootstrap4/images/car3.jpg]
[htmldesigntemplates.com/html/nepayatri/bootstrap4/images/banner3.jpg]
[htmldesigntemplates.com/html/nepayatri/bootstrap4/images/banner4.jpg]
[htmldesigntemplates.com/html/nepayatri/bootstrap4/shop.html]
[htmldesigntemplates.com/html/nepayatri/bootstrap4/images/shop/shop4.jpg]
[htmldesigntemplates.com/html/nepayatri/bootstrap4/images/shop/shop5.jpg]
[htmldesigntemplates.com/html/nepayatri/bootstrap4/shop-list.html]
[htmldesigntemplates.com/html/nepayatri/bootstrap4/shop-detail.html]
[htmldesigntemplates.com/html/nepayatri/bootstrap4/cart.html]
[htmldesigntemplates.com/html/nepayatri/bootstrap4/checkout.html]
[htmldesigntemplates.com/html/nepayatri/bootstrap4/login.html]
[htmldesigntemplates.com/html/nepayatri/bootstrap4/forgot-password.html]
[htmldesigntemplates.com/html/nepayatri/bootstrap4/fonts/Flaticon.svg]
[htmldesigntemplates.com/html/nepayatri/bootstrap4/hotellist-1.html.html]
[htmldesigntemplates.com/html/nepayatri/bootstrap4/hotelsingle-1.html.html]
[htmldesigntemplates.com/html/nepayatri/bootstrap4/flight-detail.html]
[htmldesigntemplates.com/html/nepayatri/bootstrap4/toursingle-1.html]
[htmldesigntemplates.com/html/nepayatri/bootstrap4/roomlist-2.html]
[htmldesigntemplates.com/html/nepayatri/bootstrap4/car-cruise-view.html]
[htmldesigntemplates.com/html/nepayatri/bootstrap4/js/custom-mixitup.html]
[htmldesigntemplates.com/html/nepayatri/bootstrap4/css/dashboard.css]
[htmldesigntemplates.com/html/nepayatri/bootstrap4/fonts/fontawesome-webfont5b62.eot]
[htmldesigntemplates.com/html/nepayatri/bootstrap4/fonts/fontawesome-webfontd41d.eot]
[htmldesigntemplates.com/html/nepayatri/bootstrap4/fonts/fontawesome-webfont5b62.woff2]
[htmldesigntemplates.com/html/nepayatri/bootstrap4/fonts/fontawesome-webfont5b62.woff]
[htmldesigntemplates.com/html/nepayatri/bootstrap4/fonts/fontawesome-webfont5b62.ttf]
[htmldesigntemplates.com/html/nepayatri/bootstrap4/fonts/fontawesome-webfont5b62.svg]
[htmldesigntemplates.com/html/nepayatri/bootstrap4/fonts/simple-line-iconsc05f.eot]
[htmldesigntemplates.com/html/nepayatri/bootstrap4/fonts/Simple-Line-Iconsc05f.ttf]
[htmldesigntemplates.com/html/nepayatri/bootstrap4/fonts/Simple-Line-Iconsc05f.woff]
[htmldesigntemplates.com/html/nepayatri/bootstrap4/fonts/simple-line-iconsc05f.svg]
[htmldesigntemplates.com/html/nepayatri/bootstrap4/fonts/iconsmindca27.eot]
[htmldesigntemplates.com/html/nepayatri/bootstrap4/fonts/iconsmindd41d.eot]
[htmldesigntemplates.com/html/nepayatri/bootstrap4/fonts/iconsmindca27.woff]
[htmldesigntemplates.com/html/nepayatri/bootstrap4/fonts/iconsmindca27.ttf]
[htmldesigntemplates.com/html/nepayatri/bootstrap4/css/icons.css]
[htmldesigntemplates.com/html/nepayatri/bootstrap4/fonts/fontawesome-webfont5b62.html]
[htmldesigntemplates.com/html/nepayatri/bootstrap4/fonts/fontawesome-webfontd41d.html]
[htmldesigntemplates.com/html/nepayatri/bootstrap4/fonts/fontawesome-webfont5b62-2.html]
[htmldesigntemplates.com/html/nepayatri/bootstrap4/fonts/fontawesome-webfont5b62-3.html]
[htmldesigntemplates.com/html/nepayatri/bootstrap4/fonts/fontawesome-webfont5b62-4.html]
[htmldesigntemplates.com/html/nepayatri/bootstrap4/fonts/fontawesome-webfont5b62-5.html]
[htmldesigntemplates.com/html/nepayatri/bootstrap4/fonts/simple-line-iconsc05f.html]
[htmldesigntemplates.com/html/nepayatri/bootstrap4/fonts/simple-line-iconsc05f-2.html]
[htmldesigntemplates.com/html/nepayatri/bootstrap4/fonts/iconsmindca27.svg]
[htmldesigntemplates.com/html/nepayatri/bootstrap4/fonts/iconsmindca27.svg]
